################################################################################
#                                                                              #
#      IAR Universal Linker V6.2.2.68                                          #
#                                                                              #
#           Link time     =  14/Oct/2015  12:10:08                             #
#           Target CPU    =  x51                                               #
#           List file     =  "C:\Texas Instruments\BLE-CC254x-1.4.1.43908\Proj #
#                            ects\ble\SimpleBLEBroadcaster\CC2540DB\CC2540\Lis #
#                            t\SimpleBLEBroadcaster.map"                       #
#           Output file 1 =  "C:\Texas Instruments\BLE-CC254x-1.4.1.43908\Proj #
#                            ects\ble\SimpleBLEBroadcaster\CC2540DB\CC2540\Exe #
#                            \SimpleBLEBroadcaster.d51"                        #
#                            Format: ubrof10                                   #
#                            UBROF version 10.0.6                              #
#                            Using library modules for C-SPY (-rt)             #
#           Output file 2 =  "C:\Texas Instruments\BLE-CC254x-1.4.1.43908\Proj #
#                            ects\ble\SimpleBLEBroadcaster\CC2540DB\CC2540\Exe #
#                            \SimpleBLEBroadcaster.hex"                        #
#                            Format: intel-extended                            #
#           Command line  =  "-IC:\Program Files\IAR Systems\Embedded Workbenc #
#                            h 7.2\8051\CONFIG\"                               #
#                            -D_NR_OF_BANKS=0x07 -D_CODEBANK_END=0xFFFF        #
#                            -D_CODEBANK_START=0x8000 -D?CBANK_MASK=0xFF       #
#                            -D?CBANK=0x9F                                     #
#                            "C:\Texas Instruments\BLE-CC254x-1.4.1.43908\Proj #
#                            ects\ble\SimpleBLEBroadcaster\CC2540DB\CC2540\Obj #
#                            \broadcaster.r51"                                 #
#                            "C:\Texas Instruments\BLE-CC254x-1.4.1.43908\Proj #
#                            ects\ble\Libraries\CC2540DB\bin\CC2540_BLE_bcast. #
#                            lib"                                              #
#                            "C:\Texas Instruments\BLE-CC254x-1.4.1.43908\Proj #
#                            ects\ble\Libraries\Common\bin\CC254x_BLE_HCI_TL_N #
#                            one.lib"                                          #
#                            "C:\Texas Instruments\BLE-CC254x-1.4.1.43908\Proj #
#                            ects\ble\SimpleBLEBroadcaster\CC2540DB\CC2540\Obj #
#                            \gap.r51"                                         #
#                            "C:\Texas Instruments\BLE-CC254x-1.4.1.43908\Proj #
#                            ects\ble\SimpleBLEBroadcaster\CC2540DB\CC2540\Obj #
#                            \gattservapp_util.r51"                            #
#                            "C:\Texas Instruments\BLE-CC254x-1.4.1.43908\Proj #
#                            ects\ble\SimpleBLEBroadcaster\CC2540DB\CC2540\Obj #
#                            \hal_adc.r51"                                     #
#                            "C:\Texas Instruments\BLE-CC254x-1.4.1.43908\Proj #
#                            ects\ble\SimpleBLEBroadcaster\CC2540DB\CC2540\Obj #
#                            \hal_aes.r51"                                     #
#                            "C:\Texas Instruments\BLE-CC254x-1.4.1.43908\Proj #
#                            ects\ble\SimpleBLEBroadcaster\CC2540DB\CC2540\Obj #
#                            \hal_dma.r51"                                     #
#                            "C:\Texas Instruments\BLE-CC254x-1.4.1.43908\Proj #
#                            ects\ble\SimpleBLEBroadcaster\CC2540DB\CC2540\Obj #
#                            \hal_drivers.r51"                                 #
#                            "C:\Texas Instruments\BLE-CC254x-1.4.1.43908\Proj #
#                            ects\ble\SimpleBLEBroadcaster\CC2540DB\CC2540\Obj #
#                            \hal_flash.r51"                                   #
#                            "C:\Texas Instruments\BLE-CC254x-1.4.1.43908\Proj #
#                            ects\ble\SimpleBLEBroadcaster\CC2540DB\CC2540\Obj #
#                            \hal_key.r51"                                     #
#                            "C:\Texas Instruments\BLE-CC254x-1.4.1.43908\Proj #
#                            ects\ble\SimpleBLEBroadcaster\CC2540DB\CC2540\Obj #
#                            \hal_lcd.r51"                                     #
#                            "C:\Texas Instruments\BLE-CC254x-1.4.1.43908\Proj #
#                            ects\ble\SimpleBLEBroadcaster\CC2540DB\CC2540\Obj #
#                            \hal_led.r51"                                     #
#                            "C:\Texas Instruments\BLE-CC254x-1.4.1.43908\Proj #
#                            ects\ble\SimpleBLEBroadcaster\CC2540DB\CC2540\Obj #
#                            \hal_sleep.r51"                                   #
#                            "C:\Texas Instruments\BLE-CC254x-1.4.1.43908\Proj #
#                            ects\ble\SimpleBLEBroadcaster\CC2540DB\CC2540\Obj #
#                            \hal_startup.r51"                                 #
#                            "C:\Texas Instruments\BLE-CC254x-1.4.1.43908\Proj #
#                            ects\ble\SimpleBLEBroadcaster\CC2540DB\CC2540\Obj #
#                            \hal_timer.r51"                                   #
#                            "C:\Texas Instruments\BLE-CC254x-1.4.1.43908\Proj #
#                            ects\ble\SimpleBLEBroadcaster\CC2540DB\CC2540\Obj #
#                            \hal_uart.r51"                                    #
#                            "C:\Texas Instruments\BLE-CC254x-1.4.1.43908\Proj #
#                            ects\ble\SimpleBLEBroadcaster\CC2540DB\CC2540\Obj #
#                            \npi.r51"                                         #
#                            "C:\Texas Instruments\BLE-CC254x-1.4.1.43908\Proj #
#                            ects\ble\SimpleBLEBroadcaster\CC2540DB\CC2540\Obj #
#                            \OnBoard.r51"                                     #
#                            "C:\Texas Instruments\BLE-CC254x-1.4.1.43908\Proj #
#                            ects\ble\SimpleBLEBroadcaster\CC2540DB\CC2540\Obj #
#                            \OSAL.r51"                                        #
#                            "C:\Texas Instruments\BLE-CC254x-1.4.1.43908\Proj #
#                            ects\ble\SimpleBLEBroadcaster\CC2540DB\CC2540\Obj #
#                            \osal_bufmgr.r51"                                 #
#                            "C:\Texas Instruments\BLE-CC254x-1.4.1.43908\Proj #
#                            ects\ble\SimpleBLEBroadcaster\CC2540DB\CC2540\Obj #
#                            \osal_cbtimer.r51"                                #
#                            "C:\Texas Instruments\BLE-CC254x-1.4.1.43908\Proj #
#                            ects\ble\SimpleBLEBroadcaster\CC2540DB\CC2540\Obj #
#                            \OSAL_ClockBLE.r51"                               #
#                            "C:\Texas Instruments\BLE-CC254x-1.4.1.43908\Proj #
#                            ects\ble\SimpleBLEBroadcaster\CC2540DB\CC2540\Obj #
#                            \OSAL_Memory.r51"                                 #
#                            "C:\Texas Instruments\BLE-CC254x-1.4.1.43908\Proj #
#                            ects\ble\SimpleBLEBroadcaster\CC2540DB\CC2540\Obj #
#                            \OSAL_PwrMgr.r51"                                 #
#                            "C:\Texas Instruments\BLE-CC254x-1.4.1.43908\Proj #
#                            ects\ble\SimpleBLEBroadcaster\CC2540DB\CC2540\Obj #
#                            \OSAL_SimpleBLEBroadcaster.r51"                   #
#                            "C:\Texas Instruments\BLE-CC254x-1.4.1.43908\Proj #
#                            ects\ble\SimpleBLEBroadcaster\CC2540DB\CC2540\Obj #
#                            \osal_snv.r51"                                    #
#                            "C:\Texas Instruments\BLE-CC254x-1.4.1.43908\Proj #
#                            ects\ble\SimpleBLEBroadcaster\CC2540DB\CC2540\Obj #
#                            \OSAL_Timers.r51"                                 #
#                            "C:\Texas Instruments\BLE-CC254x-1.4.1.43908\Proj #
#                            ects\ble\SimpleBLEBroadcaster\CC2540DB\CC2540\Obj #
#                            \simpleBLEBroadcaster.r51"                        #
#                            "C:\Texas Instruments\BLE-CC254x-1.4.1.43908\Proj #
#                            ects\ble\SimpleBLEBroadcaster\CC2540DB\CC2540\Obj #
#                            \SimpleBLEBroadcaster_Main.r51"                   #
#                            -o                                                #
#                            "C:\Texas Instruments\BLE-CC254x-1.4.1.43908\Proj #
#                            ects\ble\SimpleBLEBroadcaster\CC2540DB\CC2540\Exe #
#                            \SimpleBLEBroadcaster.d51"                        #
#                            -l                                                #
#                            "C:\Texas Instruments\BLE-CC254x-1.4.1.43908\Proj #
#                            ects\ble\SimpleBLEBroadcaster\CC2540DB\CC2540\Lis #
#                            t\SimpleBLEBroadcaster.map"                       #
#                            -xmsn -f                                          #
#                            "C:\Texas Instruments\BLE-CC254x-1.4.1.43908\Proj #
#                            ects\ble\SimpleBLEBroadcaster\CC2540DB\..\..\comm #
#                            on\cc2540\ti_51ew_cc2540b.xcl"                    #
#                            (-D_IDATA_END=0xFF -D_PDATA_START=0x1E00          #
#                            -D_PDATA_END=0x1EFF -D_IXDATA_START=0x0001        #
#                            -D_IXDATA_END=0x1EFF                              #
#                            -D_XDATA_START=_IXDATA_START                      #
#                            -D_XDATA_END=_IXDATA_END -D_CODE_START=0x0000     #
#                            -D_CODE_END=0x7FFF -D_FIRST_BANK_ADDR=0x10000     #
#                            -D_NEAR_CODE_END=_CODE_END -D?REGISTER_BANK=0     #
#                            -D_REGISTER_BANK_START=0 -D?PBANK_NUMBER=0x1E     #
#                            -D_BREG_START=0x00 -D?VB=0x20                     #
#                            -D_FAR_DATA_NR_OF_BANKS=0x0E                      #
#                            -D_FAR_DATA_START=0x010001                        #
#                            -D_FAR_DATA_END=0xFFFFFF                          #
#                            -D_FAR_CODE_START=_CODE_START                     #
#                            -D_FAR_CODE_END=_CODE_END                         #
#                            -Z(BIT)BREG=_BREG_START -Z(BIT)BIT_N=0-7F         #
#                            -Z(DATA)REGISTERS+8=_REGISTER_BANK_START          #
#                            -Z(DATA)BDATA_Z,BDATA_N,BDATA_I=20-2F             #
#                            -Z(DATA)VREG=08-7F -Z(DATA)PSP,XSP=08-7F          #
#                            -Z(DATA)DOVERLAY=08-7F                            #
#                            -Z(DATA)DATA_I,DATA_Z,DATA_N=08-7F                #
#                            -U(IDATA)0-7F=(DATA)0-7F                          #
#                            -Z(IDATA)IDATA_I,IDATA_Z,IDATA_N=08-_IDATA_END    #
#                            -Z(IDATA)ISTACK+_IDATA_STACK_SIZE#08-_IDATA_END   #
#                            -Z(IDATA)IOVERLAY=08-FF                           #
#                            -Z(CODE)INTVEC=_CODE_START                        #
#                            -Z(CODE)CSTART=_CODE_START-_CODE_END              #
#                            -Z(CODE)BIT_ID,BDATA_ID,DATA_ID,IDATA_ID,IXDATA_I #
#                            D,PDATA_ID,XDATA_ID=_CODE_START-_CODE_END         #
#                            -Z(CODE)HUGE_ID=_FAR_CODE_START-_FAR_CODE_END     #
#                            -D_SLEEP_CODE_SPACE_START=(_CODE_END-7)           #
#                            -D_SLEEP_CODE_SPACE_END=(_CODE_END)               #
#                            -Z(CODE)SLEEP_CODE=_SLEEP_CODE_SPACE_START-_SLEEP #
#                            _CODE_SPACE_END                                   #
#                            -Z(CODE)BANK_RELAYS,RCODE,DIFUNCT,CODE_N,NEAR_COD #
#                            E=_CODE_START-_CODE_END                           #
#                            -P(CODE)CODE_C=_CODE_START-_CODE_END              #
#                            -P(CONST)XDATA_ROM_C=0x8000-0xFFFF                #
#                            -P(CODE)XDATA_ROM_C_FLASH=0x18000-0x1FFFF         #
#                            -QXDATA_ROM_C=XDATA_ROM_C_FLASH                   #
#                            -P(CODE)BANKED_CODE=_CODE_START-_CODE_END,[(_CODE #
#                            BANK_START+_FIRST_BANK_ADDR)-(_CODEBANK_END+_FIRS #
#                            T_BANK_ADDR)]*_NR_OF_BANKS+10000                  #
#                            -P(CODE)FAR_CODE_C,FAR_CODE_N,FAR_CODE=[_FAR_CODE #
#                            _START-_FAR_CODE_END]/10000                       #
#                            -P(CODE)HUGE_CODE_C=_FAR_CODE_START-_FAR_CODE_END #
#                            -Z(CODE)CHECKSUM#_CODE_END                        #
#                            -Z(XDATA)EXT_STACK+_EXTENDED_STACK_SIZE=_EXTENDED #
#                            _STACK_START                                      #
#                            -Z(XDATA)PSTACK+_PDATA_STACK_SIZE=_PDATA_START-_P #
#                            DATA_END                                          #
#                            -Z(XDATA)XSTACK+_XDATA_STACK_SIZE=_XDATA_START-_X #
#                            DATA_END                                          #
#                            -Z(XDATA)PDATA_Z,PDATA_I=_PDATA_START-_PDATA_END  #
#                            -P(XDATA)PDATA_N=_PDATA_START-_PDATA_END          #
#                            -Z(XDATA)IXDATA_Z,IXDATA_I=_IXDATA_START-_IXDATA_ #
#                            END                                               #
#                            -P(XDATA)IXDATA_N=_IXDATA_START-_IXDATA_END       #
#                            -Z(XDATA)XDATA_Z,XDATA_I=_XDATA_START-_XDATA_END  #
#                            -P(XDATA)XDATA_N=_XDATA_START-_XDATA_END          #
#                            -Z(XDATA)XDATA_HEAP+_XDATA_HEAP_SIZE=_XDATA_START #
#                            -_XDATA_END                                       #
#                            -Z(XDATA)FAR_Z=[_FAR_DATA_START-_FAR_DATA_END]/10 #
#                            000                                               #
#                            -Z(XDATA)FAR_I=[_FAR_DATA_START-_FAR_DATA_END]/10 #
#                            000                                               #
#                            -Z(CODE)FAR_ID=[_FAR_CODE_START-_FAR_CODE_END]/10 #
#                            000                                               #
#                            -Z(XDATA)FAR_HEAP+_FAR_HEAP_SIZE=[_FAR_DATA_START #
#                            -_FAR_DATA_END]/10000                             #
#                            -P(XDATA)FAR_N=[_FAR_DATA_START-_FAR_DATA_END]*_F #
#                            AR_DATA_NR_OF_BANKS+10000                         #
#                            -P(CONST)FAR_ROM_C=[_FAR_DATA_START-_FAR_DATA_END #
#                            ]*_FAR_DATA_NR_OF_BANKS+10000                     #
#                            -Z(XDATA)HUGE_Z,HUGE_I=_FAR_DATA_START-_FAR_DATA_ #
#                            END                                               #
#                            -P(XDATA)HUGE_N=_FAR_DATA_START-_FAR_DATA_END     #
#                            -Z(XDATA)HUGE_HEAP+_HUGE_HEAP_SIZE=_FAR_DATA_STAR #
#                            T-_FAR_DATA_END                                   #
#                            -Z(CONST)HUGE_ROM_C=_FAR_DATA_START-_FAR_DATA_END #
#                            -cx51 -D_BLENV_ADDRESS_SPACE_START=0x7E800        #
#                            -D_BLENV_ADDRESS_SPACE_END=0x7F7FF                #
#                            -Z(CODE)BLENV_ADDRESS_SPACE=_BLENV_ADDRESS_SPACE_ #
#                            START-_BLENV_ADDRESS_SPACE_END                    #
#                            -D_BANK0_START=0x00000 -D_BANK0_END=0x07FFF       #
#                            -D_BANK1_START=0x18000 -D_BANK1_END=0x1FFFF       #
#                            -D_BANK2_START=0x28000 -D_BANK2_END=0x2FFFF       #
#                            -D_BANK3_START=0x38000 -D_BANK3_END=0x3FFFF       #
#                            -D_BANK4_START=0x48000 -D_BANK4_END=0x4FFFF       #
#                            -D_BANK5_START=0x58000 -D_BANK5_END=0x5FFFF       #
#                            -D_BANK6_START=0x68000 -D_BANK6_END=0x6FFFF       #
#                            -D_BANK7_START=0x78000                            #
#                            -D_BANK7_END=(_BLENV_ADDRESS_SPACE_START-1)       #
#                            -P(CODE)BANK0=_BANK0_START-_BANK0_END             #
#                            -P(CODE)BANK1=_BANK1_START-_BANK1_END             #
#                            -P(CODE)BANK2=_BANK2_START-_BANK2_END             #
#                            -P(CODE)BANK3=_BANK3_START-_BANK3_END             #
#                            -P(CODE)BANK4=_BANK4_START-_BANK4_END             #
#                            -P(CODE)BANK5=_BANK5_START-_BANK5_END             #
#                            -P(CODE)BANK6=_BANK6_START-_BANK6_END             #
#                            -P(CODE)BANK7=_BANK7_START-_BANK7_END             #
#                            -M(CODE)[(_CODEBANK_START+_FIRST_BANK_ADDR)-(_COD #
#                            EBANK_END+_FIRST_BANK_ADDR)]*_NR_OF_BANKS+0x10000 #
#                            =0x8000                                           #
#                            -ww69=i                                           #
#                            -D_FLASH_LOCK_BITS_START=((_NR_OF_BANKS*_FIRST_BA #
#                            NK_ADDR)+0xFFF0)                                  #
#                            -D_FLASH_LOCK_BITS_END=((_NR_OF_BANKS*_FIRST_BANK #
#                            _ADDR)+0xFFFF)                                    #
#                            -Z(CODE)FLASH_LOCK_BITS=_FLASH_LOCK_BITS_START-_F #
#                            LASH_LOCK_BITS_END                                #
#                            -U(CODE)0x0000=(CODE)_FLASH_LOCK_BITS_START-_FLAS #
#                            H_LOCK_BITS_END)                                  #
#                            -D_NR_OF_VIRTUAL_REGISTERS=10 -D?PBANK=0x93       #
#                            -e?BCALL_FF=?BCALL -e?BRET_FF=?BRET               #
#                            -e?BDISPATCH_FF=?BDISPATCH                        #
#                            -e_large_write=_formatted_write                   #
#                            -e_large_read=_formatted_read -rt                 #
#                            "-Ointel-extended=C:\Texas Instruments\BLE-CC254x #
#                            -1.4.1.43908\Projects\ble\SimpleBLEBroadcaster\CC #
#                            2540DB\CC2540\Exe\SimpleBLEBroadcaster.hex"       #
#                            -s __program_start                                #
#                            "C:\Program Files\IAR Systems\Embedded Workbench  #
#                            7.2\8051\LIB\CLIB\cl-pli-blxd-1e16x01.r51"        #
#                            -D_IDATA_STACK_SIZE=0xC0 -D?ESP=0 -D?ESP_MASK=0   #
#                            -D_EXTENDED_STACK_START=0                         #
#                            -D_EXTENDED_STACK_SIZE=0                          #
#                            -D_PDATA_STACK_SIZE=0x00                          #
#                            -D_XDATA_STACK_SIZE=0x280                         #
#                            -D_XDATA_HEAP_SIZE=0xFF -D_FAR_HEAP_SIZE=0xFFF    #
#                            -D_HUGE_HEAP_SIZE=0xFFF                           #
#                            -D_FAR22_HEAP_SIZE=0xFFF                          #
#                                                                              #
#                           Copyright (C) 1987-2015 IAR Systems AB.            #
################################################################################





                ****************************************
                *                                      *
                *           CROSS REFERENCE            *
                *                                      *
                ****************************************

       Program entry at : CODE      0000011A  Relocatable, from module : CSTARTUP




                ****************************************
                *                                      *
                *            RUNTIME MODEL             *
                *                                      *
                ****************************************

  __SystemLibrary          = CLib
  __calling_convention     = xdata_reentrant
  __code_model             = banked
  __core                   = plain
  __data_model             = large
  __dptr_size              = 16
  __extended_stack         = disabled
  __location_for_constants = data
  __number_of_dptrs        = 1
  __rt_version             = 1

                ****************************************
                *                                      *
                *    AUTOMATIC SYMBOL REDIRECTIONS     *
                *                                      *
                ****************************************

                  There are no automatic symbol redirections.



                ****************************************
                *                                      *
                *              MODULE MAP              *
                *                                      *
                ****************************************


  DEFINED ABSOLUTE ENTRIES
    *************************************************************************

  DEFINED ABSOLUTE ENTRIES
  PROGRAM MODULE, NAME : ?ABS_ENTRY_MOD

Absolute parts
           ENTRY                   ADDRESS         REF BY
           =====                   =======         ======
           _FAR22_HEAP_SIZE        00000FFF 
           _HUGE_HEAP_SIZE         00000FFF 
           _FAR_HEAP_SIZE          00000FFF 
           _XDATA_HEAP_SIZE        000000FF 
           _XDATA_STACK_SIZE       00000280 
           _PDATA_STACK_SIZE       00000000 
           _EXTENDED_STACK_SIZE    00000000 
           _EXTENDED_STACK_START   00000000 
           ?ESP_MASK               00000000 
           ?ESP                    00000000 
           _IDATA_STACK_SIZE       000000C0 
           ?PBANK                  00000093 
           _NR_OF_VIRTUAL_REGISTERS
                                   00000010 
           _FLASH_LOCK_BITS_END    0003FFFF 
           _FLASH_LOCK_BITS_START
                                   0003FFF0 
           _BANK7_END              0003E7FF 
           _BANK7_START            00038000 
           _BANK6_END              00037FFF 
           _BANK6_START            00030000 
           _BANK5_END              0002FFFF 
           _BANK5_START            00028000 
           _BANK4_END              00027FFF 
           _BANK4_START            00020000 
           _BANK3_END              0001FFFF 
           _BANK3_START            00018000 
           _BANK2_END              00017FFF 
           _BANK2_START            00010000 
           _BANK1_END              0000FFFF 
           _BANK1_START            00008000 
           _BANK0_END              00007FFF 
           _BANK0_START            00000000 
           _BLENV_ADDRESS_SPACE_END
                                   0003F7FF 
           _BLENV_ADDRESS_SPACE_START
                                   0003E800 
           _SLEEP_CODE_SPACE_END   00007FFF 
           _SLEEP_CODE_SPACE_START
                                   00007FF8 
           _FAR_CODE_END           00007FFF 
           _FAR_CODE_START         00000000 
           _FAR_DATA_END           00FFFFFF 
           _FAR_DATA_START         00010001 
           _FAR_DATA_NR_OF_BANKS   0000000E 
           ?VB                     00000020        ?BANKED_ENTER_XDATA (?BANKED_ENTER_XDATA)
                                                   ?BANKED_LEAVE_XDATA (?BANKED_LEAVE_XDATA)
                                                   ?FUNC_ENTER_XDATA (?FUNC_ENTER_XDATA)
                                                   ?FUNC_LEAVE_XDATA (?FUNC_LEAVE_XDATA)
                                                   ?INTERRUPT_ENTER_XSP (?INTERRUPT_ENTER_XSP)
                                                   ?INTERRUPT_LEAVE_XSP (?INTERRUPT_LEAVE_XSP)
                                                   HalKeyPoll (hal_key)
           _BREG_START             00000000 
           ?PBANK_NUMBER           0000001E 
           _REGISTER_BANK_START    00000000 
           ?REGISTER_BANK          00000000        Segment part 6 (CSTARTUP)
           _NEAR_CODE_END          00007FFF 
           _FIRST_BANK_ADDR        00010000 
           _CODE_END               00007FFF 
           _CODE_START             00000000 
           _XDATA_END              00001EFF 
           _XDATA_START            00000001 
           _IXDATA_END             00001EFF 
           _IXDATA_START           00000001 
           _PDATA_END              00001EFF 
           _PDATA_START            00001E00 
           _IDATA_END              000000FF 
           ?CBANK                  0000009F        ?RESET_CODE_BANK (CSTARTUP)
                                                   Segment part 0 (?BANKED_CODE_SUPPORT)
           ?CBANK_MASK             000000FF 
           _CODEBANK_START         00008000 
           _CODEBANK_END           0000FFFF 
           _NR_OF_BANKS            00000007 
    *************************************************************************

  FILE NAME : C:\Texas Instruments\BLE-CC254x-1.4.1.43908\Projects\ble\SimpleBLEBroadcaster\CC2540DB\CC2540\Obj\broadcaster.r51
  PROGRAM MODULE, NAME : broadcaster

  SEGMENTS IN THE MODULE
  ======================
XDATA_Z
  Relative segment, address: XDATA 00000281 - 00000281 (0x1 bytes), align: 0
  Segment part 6.             Intra module refs:   GAPRole_Init
                                                   GAPRole_ProcessEvent
                                                   GAPRole_SetParameter
                                                   GAPRole_StartDevice
                                                   gapRole_ProcessGAPMsg
           LOCAL                   ADDRESS         
           =====                   =======         
           gapRole_TaskID          00000281 
    -------------------------------------------------------------------------
XDATA_Z
  Relative segment, address: XDATA 00000282 - 00000282 (0x1 bytes), align: 0
  Segment part 7.             Intra module refs:   GAPRole_Init
                                                   GAPRole_ProcessEvent
                                                   GAPRole_SetParameter
                                                   GAPRole_StartDevice
                                                   gapRole_ProcessGAPMsg
           LOCAL                   ADDRESS         
           =====                   =======         
           gapRole_state           00000282 
    -------------------------------------------------------------------------
XDATA_Z
  Relative segment, address: XDATA 00000283 - 00000283 (0x1 bytes), align: 0
  Segment part 8.             Intra module refs:   GAPRole_GetParameter
                                                   GAPRole_Init
                                                   GAPRole_StartDevice
           LOCAL                   ADDRESS         
           =====                   =======         
           gapRole_profileRole     00000283 
    -------------------------------------------------------------------------
XDATA_Z
  Relative segment, address: XDATA 00000284 - 00000289 (0x6 bytes), align: 0
  Segment part 9.             Intra module refs:   GAPRole_GetParameter
                                                   gapRole_ProcessGAPMsg
           LOCAL                   ADDRESS         
           =====                   =======         
           gapRole_bdAddr          00000284 
    -------------------------------------------------------------------------
XDATA_I
  Relative segment, address: XDATA 00000C4C - 00000C4C (0x1 bytes), align: 0
  Segment part 10.            Intra module refs:   GAPRole_GetParameter
                                                   GAPRole_ProcessEvent
                                                   GAPRole_SetParameter
                                                   gapRole_ProcessGAPMsg
           LOCAL                   ADDRESS         
           =====                   =======         
           gapRole_AdvEnabled      00000C4C 
    -------------------------------------------------------------------------
XDATA_I
  Relative segment, address: XDATA 00000C4D - 00000C4E (0x2 bytes), align: 0
  Segment part 12.            Intra module refs:   GAPRole_GetParameter
                                                   GAPRole_SetParameter
                                                   gapRole_ProcessGAPMsg
           LOCAL                   ADDRESS         
           =====                   =======         
           gapRole_AdvertOffTime   00000C4D 
    -------------------------------------------------------------------------
XDATA_I
  Relative segment, address: XDATA 00000C4F - 00000C4F (0x1 bytes), align: 0
  Segment part 14.            Intra module refs:   GAPRole_GetParameter
                                                   GAPRole_SetParameter
                                                   gapRole_ProcessGAPMsg
           LOCAL                   ADDRESS         
           =====                   =======         
           gapRole_AdvertDataLen   00000C4F 
    -------------------------------------------------------------------------
XDATA_I
  Relative segment, address: XDATA 00000C50 - 00000C6E (0x1f bytes), align: 0
  Segment part 16.            Intra module refs:   GAPRole_GetParameter
                                                   GAPRole_SetParameter
                                                   gapRole_ProcessGAPMsg
           LOCAL                   ADDRESS         
           =====                   =======         
           gapRole_AdvertData      00000C50 
    -------------------------------------------------------------------------
XDATA_Z
  Relative segment, address: XDATA 0000028A - 0000028A (0x1 bytes), align: 0
  Segment part 18.            Intra module refs:   GAPRole_GetParameter
                                                   GAPRole_SetParameter
                                                   gapRole_ProcessGAPMsg
           LOCAL                   ADDRESS         
           =====                   =======         
           gapRole_ScanRspDataLen
                                   0000028A 
    -------------------------------------------------------------------------
XDATA_Z
  Relative segment, address: XDATA 0000028B - 000002A9 (0x1f bytes), align: 0
  Segment part 19.            Intra module refs:   GAPRole_GetParameter
                                                   GAPRole_SetParameter
                                                   gapRole_ProcessGAPMsg
           LOCAL                   ADDRESS         
           =====                   =======         
           gapRole_ScanRspData     0000028B 
    -------------------------------------------------------------------------
XDATA_Z
  Relative segment, address: XDATA 000002AA - 000002AA (0x1 bytes), align: 0
  Segment part 20.            Intra module refs:   GAPRole_GetParameter
                                                   GAPRole_Init
                                                   GAPRole_ProcessEvent
                                                   GAPRole_SetParameter
           LOCAL                   ADDRESS         
           =====                   =======         
           gapRole_AdvEventType    000002AA 
    -------------------------------------------------------------------------
XDATA_Z
  Relative segment, address: XDATA 000002AB - 000002AB (0x1 bytes), align: 0
  Segment part 21.            Intra module refs:   GAPRole_GetParameter
                                                   GAPRole_Init
                                                   GAPRole_ProcessEvent
                                                   GAPRole_SetParameter
           LOCAL                   ADDRESS         
           =====                   =======         
           gapRole_AdvDirectType   000002AB 
    -------------------------------------------------------------------------
XDATA_Z
  Relative segment, address: XDATA 000002AC - 000002B1 (0x6 bytes), align: 0
  Segment part 22.            Intra module refs:   GAPRole_GetParameter
                                                   GAPRole_ProcessEvent
                                                   GAPRole_SetParameter
           LOCAL                   ADDRESS         
           =====                   =======         
           gapRole_AdvDirectAddr   000002AC 
    -------------------------------------------------------------------------
XDATA_Z
  Relative segment, address: XDATA 000002B2 - 000002B2 (0x1 bytes), align: 0
  Segment part 23.            Intra module refs:   GAPRole_GetParameter
                                                   GAPRole_Init
                                                   GAPRole_ProcessEvent
                                                   GAPRole_SetParameter
           LOCAL                   ADDRESS         
           =====                   =======         
           gapRole_AdvChanMap      000002B2 
    -------------------------------------------------------------------------
XDATA_Z
  Relative segment, address: XDATA 000002B3 - 000002B3 (0x1 bytes), align: 0
  Segment part 24.            Intra module refs:   GAPRole_GetParameter
                                                   GAPRole_Init
                                                   GAPRole_ProcessEvent
                                                   GAPRole_SetParameter
           LOCAL                   ADDRESS         
           =====                   =======         
           gapRole_AdvFilterPolicy
                                   000002B3 
    -------------------------------------------------------------------------
XDATA_Z
  Relative segment, address: XDATA 000002B4 - 000002B5 (0x2 bytes), align: 0
  Segment part 25.            Intra module refs:   ?Subroutine1
                                                   GAPRole_StartDevice
           LOCAL                   ADDRESS         
           =====                   =======         
           pGapRoles_AppCGs        000002B4 
    -------------------------------------------------------------------------
<BANKED_CODE,CODE_C> 1 (was BANKED_CODE)
  Relative segment, address: CODE 00002812 - 000029D6 (0x1c5 bytes), align: 0
  Segment part 26.            Intra module refs:   GAPRole_SetParameter::?relay
           ENTRY                   ADDRESS         REF BY
           =====                   =======         ======
           GAPRole_SetParameter    00002812 
               calls direct
               XSTACK = 00000000 ( 00000010 )
    -------------------------------------------------------------------------
<BANKED_CODE,CODE_C> 1 (was BANKED_CODE)
  Relative segment, address: CODE 000029D7 - 00002AA1 (0xcb bytes), align: 0
  Segment part 28.            Intra module refs:   GAPRole_GetParameter::?relay
           ENTRY                   ADDRESS         REF BY
           =====                   =======         ======
           GAPRole_GetParameter    000029D7 
               calls direct
               XSTACK = 00000000 ( 0000000E )
               ISTACK = 00000000 ( 00000001 )
    -------------------------------------------------------------------------
<BANKED_CODE,CODE_C> 1 (was BANKED_CODE)
  Relative segment, address: CODE 00002AA2 - 00002AA6 (0x5 bytes), align: 0
  Segment part 30.            Intra module refs:   GAPRole_GetParameter
                                                   GAPRole_ProcessEvent
                                                   gapRole_ProcessGAPMsg
           LOCAL                   ADDRESS         
           =====                   =======         
           ?Subroutine0            00002AA2 
    -------------------------------------------------------------------------
<BANKED_CODE,CODE_C> 1 (was BANKED_CODE)
  Relative segment, address: CODE 00002AA7 - 00002AAF (0x9 bytes), align: 0
  Segment part 31.            Intra module refs:   GAPRole_GetParameter
           LOCAL                   ADDRESS         
           =====                   =======         
           ?Subroutine3            00002AA7 
    -------------------------------------------------------------------------
<BANKED_CODE,CODE_C> 1 (was BANKED_CODE)
  Relative segment, address: CODE 00002AB0 - 00002AF8 (0x49 bytes), align: 0
  Segment part 32.            Intra module refs:   GAPRole_StartDevice::?relay
           ENTRY                   ADDRESS         REF BY
           =====                   =======         ======
           GAPRole_StartDevice     00002AB0 
               calls direct
               XSTACK = 00000000 ( 0000000E )
    -------------------------------------------------------------------------
<BANKED_CODE,CODE_C> 1 (was BANKED_CODE)
  Relative segment, address: CODE 00002AF9 - 00002B2B (0x33 bytes), align: 0
  Segment part 34.            Intra module refs:   GAPRole_Init::?relay
           ENTRY                   ADDRESS         REF BY
           =====                   =======         ======
           GAPRole_Init            00002AF9 
               calls direct
               XSTACK = 00000000 ( 00000009 )
    -------------------------------------------------------------------------
<BANKED_CODE,CODE_C> 1 (was BANKED_CODE)
  Relative segment, address: CODE 00002B2C - 00002C16 (0xeb bytes), align: 0
  Segment part 36.            Intra module refs:   GAPRole_ProcessEvent::?relay
           ENTRY                   ADDRESS         REF BY
           =====                   =======         ======
           GAPRole_ProcessEvent    00002B2C 
               calls direct
               XSTACK = 00000000 ( 00000018 )
               ISTACK = 00000000 ( 00000001 )
    -------------------------------------------------------------------------
<BANKED_CODE,CODE_C> 1 (was BANKED_CODE)
  Relative segment, address: CODE 00002C17 - 00002C19 (0x3 bytes), align: 0
  Segment part 38.            Intra module refs:   GAPRole_ProcessEvent
                                                   gapRole_ProcessGAPMsg
           LOCAL                   ADDRESS         
           =====                   =======         
           ?Subroutine1            00002C17 
    -------------------------------------------------------------------------
<BANKED_CODE,CODE_C> 1 (was BANKED_CODE)
  Relative segment, address: CODE 00002C1A - 00002C1F (0x6 bytes), align: 0
  Segment part 39.            Intra module refs:   ?Subroutine1
                                                   gapRole_ProcessGAPMsg
    -------------------------------------------------------------------------
<BANKED_CODE,CODE_C> 1 (was BANKED_CODE)
  Relative segment, address: CODE 00002C20 - 00002D4F (0x130 bytes), align: 0
  Segment part 40.            Intra module refs:   gapRole_ProcessGAPMsg::?relay
           LOCAL                   ADDRESS         
           =====                   =======         
           gapRole_ProcessGAPMsg   00002C20 
               calls direct
               XSTACK = 00000016 ( 00000010 )
               ISTACK = 00000000 ( 00000001 )
    -------------------------------------------------------------------------
<BANKED_CODE,CODE_C> 1 (was BANKED_CODE)
  Relative segment, address: CODE 00002D50 - 00002D58 (0x9 bytes), align: 0
  Segment part 42.            Intra module refs:   GAPRole_ProcessEvent
                                                   gapRole_ProcessGAPMsg
           LOCAL                   ADDRESS         
           =====                   =======         
           ?Subroutine2            00002D50 
    -------------------------------------------------------------------------
<BANKED_CODE,CODE_C> 1 (was BANKED_CODE)
  Relative segment, address: CODE 00002D59 - 00002D5E (0x6 bytes), align: 0
  Segment part 43.            Intra module refs:   ?Subroutine2
                                                   GAPRole_GetParameter
                                                   GAPRole_SetParameter
                                                   Segment part 39
           LOCAL                   ADDRESS         
           =====                   =======         
           ?Subroutine4            00002D59 
    -------------------------------------------------------------------------
XDATA_ID
  Relative segment, address: CODE 0000014B - 0000014B (0x1 bytes), align: 0
  Segment part 11.            Intra module refs:   gapRole_AdvEnabled
    -------------------------------------------------------------------------
XDATA_ID
  Relative segment, address: CODE 0000014C - 0000014D (0x2 bytes), align: 0
  Segment part 13.            Intra module refs:   gapRole_AdvertOffTime
    -------------------------------------------------------------------------
XDATA_ID
  Relative segment, address: CODE 0000014E - 0000014E (0x1 bytes), align: 0
  Segment part 15.            Intra module refs:   gapRole_AdvertDataLen
    -------------------------------------------------------------------------
XDATA_ID
  Relative segment, address: CODE 0000014F - 0000016D (0x1f bytes), align: 0
  Segment part 17.            Intra module refs:   gapRole_AdvertData
    -------------------------------------------------------------------------
BANK_RELAYS
  Relative segment, address: CODE 00000208 - 0000020D (0x6 bytes), align: 0
  Segment part 27.
           ENTRY                   ADDRESS         REF BY
           =====                   =======         ======
           GAPRole_SetParameter::?relay
                                   00000208        SimpleBLEBroadcaster_Init (simpleBLEBroadcaster)
    -------------------------------------------------------------------------
BANK_RELAYS
  Relative segment, address: CODE 0000020E - 00000213 (0x6 bytes), align: 0
  Segment part 29.
           ENTRY                   ADDRESS         REF BY
           =====                   =======         ======
           GAPRole_GetParameter::?relay
                                   0000020E        peripheralStateNotificationCB (simpleBLEBroadcaster)
    -------------------------------------------------------------------------
BANK_RELAYS
  Relative segment, address: CODE 00000214 - 00000219 (0x6 bytes), align: 0
  Segment part 33.
           ENTRY                   ADDRESS         REF BY
           =====                   =======         ======
           GAPRole_StartDevice::?relay
                                   00000214        SimpleBLEBroadcaster_ProcessEvent (simpleBLEBroadcaster)
    -------------------------------------------------------------------------
BANK_RELAYS
  Relative segment, address: CODE 0000021A - 0000021F (0x6 bytes), align: 0
  Segment part 35.
           ENTRY                   ADDRESS         REF BY
           =====                   =======         ======
           GAPRole_Init::?relay    0000021A        osalInitTasks (OSAL_SimpleBLEBroadcaster)
    -------------------------------------------------------------------------
BANK_RELAYS
  Relative segment, address: CODE 00000220 - 00000225 (0x6 bytes), align: 0
  Segment part 37.
           ENTRY                   ADDRESS         REF BY
           =====                   =======         ======
           GAPRole_ProcessEvent::?relay
                                   00000220        tasksArr (OSAL_SimpleBLEBroadcaster)
    -------------------------------------------------------------------------
BANK_RELAYS
  Relative segment, address: CODE 00000226 - 0000022B (0x6 bytes), align: 0
  Segment part 41.            Intra module refs:   GAPRole_ProcessEvent
           LOCAL                   ADDRESS         
           =====                   =======         
           gapRole_ProcessGAPMsg::?relay
                                   00000226 

    *************************************************************************

  FILE NAME : C:\Texas Instruments\BLE-CC254x-1.4.1.43908\Projects\ble\Libraries\CC2540DB\bin\CC2540_BLE_bcast.lib
  LIBRARY MODULE, NAME : gap_configmgr

  SEGMENTS IN THE MODULE
  ======================
XDATA_I
  Relative segment, address: XDATA 00000C6F - 00000C6F (0x1 bytes), align: 0
  Segment part 6.             Intra module refs:   GAP_ParamsInit
                                                   gapProcessRandomAddrComplete
                                                   gapSendDeviceInitDoneEvent
           ENTRY                   ADDRESS         REF BY
           =====                   =======         ======
           gapAppTaskID            00000C6F 
    -------------------------------------------------------------------------
XDATA_Z
  Relative segment, address: XDATA 000002B6 - 000002B6 (0x1 bytes), align: 0
  Segment part 8.             Intra module refs:   GAP_ParamsInit
           ENTRY                   ADDRESS         REF BY
           =====                   =======         ======
           gapProfileRole          000002B6        GAP_MakeDiscoverable (gap_peridevmgr)
                                                   GAP_PeriDevMgrInit (gap_peridevmgr)
                                                   GAP_UpdateAdvertisingData (gap_peridevmgr)
                                                   gapProcessAdvertisingEvt (gap_peridevmgr)
    -------------------------------------------------------------------------
XDATA_Z
  Relative segment, address: XDATA 000002B7 - 000002B7 (0x1 bytes), align: 0
  Segment part 9.             Intra module refs:   gapProcessRandomAddrComplete
           ENTRY                   ADDRESS         REF BY
           =====                   =======         ======
           gapDeviceAddrMode       000002B7        GAP_MakeDiscoverable (gap_peridevmgr)
                                                   gapSetAdvParams (gap_peridevmgr)
    -------------------------------------------------------------------------
XDATA_Z
  Relative segment, address: XDATA 000002B8 - 000002B9 (0x2 bytes), align: 0
  Segment part 10.
           ENTRY                   ADDRESS         REF BY
           =====                   =======         ======
           gapPrivateAddrChangeTimeout
                                   000002B8        GAP_EndDiscoverable (gap_peridevmgr)
                                                   GAP_MakeDiscoverable (gap_peridevmgr)
    -------------------------------------------------------------------------
XDATA_Z
  Relative segment, address: XDATA 000002BA - 000002BA (0x1 bytes), align: 0
  Segment part 11.            Intra module refs:   gapProcessRandomAddrComplete
           ENTRY                   ADDRESS         REF BY
           =====                   =======         ======
           gapAutoAdvPrivateAddrChange
                                   000002BA        gapProcessAdvertisingEvt (gap_peridevmgr)
                                                   gapWriteAdvEnableStatus (gap_peridevmgr)
    -------------------------------------------------------------------------
XDATA_Z
  Relative segment, address: XDATA 000002BB - 000002CA (0x10 bytes), align: 0
  Segment part 12.            Intra module refs:   GAP_ParamsInit
                                                   gapReadBD_ADDRStatus
                                                   gapReadBufSizeCmdStatus
                                                   gapSendDeviceInitDoneEvent
    -------------------------------------------------------------------------
XDATA_I
  Relative segment, address: XDATA 00000C70 - 00000CBD (0x4e bytes), align: 0
  Segment part 13.            Intra module refs:   Segment part 22
    -------------------------------------------------------------------------
XDATA_Z
  Relative segment, address: XDATA 000002CB - 000002D0 (0x6 bytes), align: 0
  Segment part 15.            Intra module refs:   gapProcessRandomAddrComplete
    -------------------------------------------------------------------------
<BANKED_CODE,CODE_C> 1 (was BANKED_CODE)
  Relative segment, address: CODE 000049E5 - 00004A0C (0x28 bytes), align: 0
  Segment part 18.            Intra module refs:   GAP_SetParamValue::?relay
           ENTRY                   ADDRESS         REF BY
           =====                   =======         ======
           GAP_SetParamValue       000049E5 
               ISTACK = 00000000 ( 00000002 )
    -------------------------------------------------------------------------
<BANKED_CODE,CODE_C> 1 (was BANKED_CODE)
  Relative segment, address: CODE 00004A0D - 00004A28 (0x1c bytes), align: 0
  Segment part 20.            Intra module refs:   GAP_GetParamValue::?relay
           ENTRY                   ADDRESS         REF BY
           =====                   =======         ======
           GAP_GetParamValue       00004A0D 
               XSTACK = 00000014 ( 00000000 )
               ISTACK = 00000000 ( 00000002 )
    -------------------------------------------------------------------------
<BANKED_CODE,CODE_C> 1 (was BANKED_CODE)
  Relative segment, address: CODE 00004A29 - 00004A39 (0x11 bytes), align: 0
  Segment part 22.            Intra module refs:   GAP_GetParamValue
                                                   GAP_SetParamValue
    -------------------------------------------------------------------------
<BANKED_CODE,CODE_C> 1 (was BANKED_CODE)
  Relative segment, address: CODE 00004A3A - 00004A6C (0x33 bytes), align: 0
  Segment part 23.            Intra module refs:   GAP_ParamsInit::?relay
           ENTRY                   ADDRESS         REF BY
           =====                   =======         ======
           GAP_ParamsInit          00004A3A 
               calls direct
               XSTACK = 00000000 ( 00000009 )
    -------------------------------------------------------------------------
<BANKED_CODE,CODE_C> 1 (was BANKED_CODE)
  Relative segment, address: CODE 00004A6D - 00004A71 (0x5 bytes), align: 0
  Segment part 25.            Intra module refs:   GAP_ParamsInit
    -------------------------------------------------------------------------
<BANKED_CODE,CODE_C> 1 (was BANKED_CODE)
  Relative segment, address: CODE 00004A72 - 00004AB6 (0x45 bytes), align: 0
  Segment part 30.            Intra module refs:   gapReadBD_ADDRStatus::?relay
           ENTRY                   ADDRESS         REF BY
           =====                   =======         ======
           gapReadBD_ADDRStatus    00004A72 
               calls direct
               XSTACK = 00000000 ( 0000000C )
    -------------------------------------------------------------------------
<BANKED_CODE,CODE_C> 1 (was BANKED_CODE)
  Relative segment, address: CODE 00004AB7 - 00004AB8 (0x2 bytes), align: 0
  Segment part 32.            Intra module refs:   gapReadBD_ADDRStatus
                                                   gapReadBufSizeCmdStatus
    -------------------------------------------------------------------------
<BANKED_CODE,CODE_C> 1 (was BANKED_CODE)
  Relative segment, address: CODE 00004AB9 - 00004ABD (0x5 bytes), align: 0
  Segment part 33.            Intra module refs:   Segment part 32
    -------------------------------------------------------------------------
<BANKED_CODE,CODE_C> 1 (was BANKED_CODE)
  Relative segment, address: CODE 00004ABE - 00004B09 (0x4c bytes), align: 0
  Segment part 34.            Intra module refs:   gapReadBufSizeCmdStatus::?relay
           ENTRY                   ADDRESS         REF BY
           =====                   =======         ======
           gapReadBufSizeCmdStatus
                                   00004ABE 
               calls direct
               XSTACK = 00000000 ( 0000000A )
    -------------------------------------------------------------------------
<BANKED_CODE,CODE_C> 1 (was BANKED_CODE)
  Relative segment, address: CODE 00004B0A - 00004B3C (0x33 bytes), align: 0
  Segment part 38.            Intra module refs:   gapAddAddrAdj::?relay
           ENTRY                   ADDRESS         REF BY
           =====                   =======         ======
           gapAddAddrAdj           00004B0A 
               XSTACK = 0000000A ( 00000000 )
               ISTACK = 00000000 ( 00000002 )
    -------------------------------------------------------------------------
<BANKED_CODE,CODE_C> 1 (was BANKED_CODE)
  Relative segment, address: CODE 00004B3D - 00004B43 (0x7 bytes), align: 0
  Segment part 41.            Intra module refs:   GAP_GetParamValue
                                                   GAP_SetParamValue
                                                   gapAddAddrAdj
    -------------------------------------------------------------------------
<BANKED_CODE,CODE_C> 1 (was BANKED_CODE)
  Relative segment, address: CODE 00004B44 - 00004B49 (0x6 bytes), align: 0
  Segment part 43.            Intra module refs:   GAP_GetParamValue
    -------------------------------------------------------------------------
<BANKED_CODE,CODE_C> 1 (was BANKED_CODE)
  Relative segment, address: CODE 00004B4A - 00004BE8 (0x9f bytes), align: 0
  Segment part 46.            Intra module refs:   gapProcessRandomAddrComplete::?relay
           ENTRY                   ADDRESS         REF BY
           =====                   =======         ======
           gapProcessRandomAddrComplete
                                   00004B4A 
               calls direct
               XSTACK = 00000000 ( 00000010 )
               ISTACK = 00000000 ( 00000001 )
    -------------------------------------------------------------------------
<BANKED_CODE,CODE_C> 1 (was BANKED_CODE)
  Relative segment, address: CODE 00004BE9 - 00004BED (0x5 bytes), align: 0
  Segment part 48.            Intra module refs:   gapProcessRandomAddrComplete
                                                   gapSendDeviceInitDoneEvent
    -------------------------------------------------------------------------
<BANKED_CODE,CODE_C> 1 (was BANKED_CODE)
  Relative segment, address: CODE 00004BEE - 00004BF3 (0x6 bytes), align: 0
  Segment part 49.            Intra module refs:   gapProcessRandomAddrComplete
                                                   gapSendDeviceInitDoneEvent
    -------------------------------------------------------------------------
<BANKED_CODE,CODE_C> 1 (was BANKED_CODE)
  Relative segment, address: CODE 00004BF4 - 00004C6F (0x7c bytes), align: 0
  Segment part 63.            Intra module refs:   gapSendDeviceInitDoneEvent::?relay
           LOCAL                   ADDRESS         
           =====                   =======         
           gapSendDeviceInitDoneEvent
                                   00004BF4 
               calls direct
               XSTACK = 0000000A ( 0000000E )
               ISTACK = 00000000 ( 00000001 )
    -------------------------------------------------------------------------
<BANKED_CODE,CODE_C> 1 (was BANKED_CODE)
  Relative segment, address: CODE 00004C70 - 00004C81 (0x12 bytes), align: 0
  Segment part 65.            Intra module refs:   gapProcessRandomAddrComplete
                                                   gapSendDeviceInitDoneEvent
    -------------------------------------------------------------------------
XDATA_ID
  Relative segment, address: CODE 0000016E - 0000016E (0x1 bytes), align: 0
  Segment part 7.             Intra module refs:   gapAppTaskID
    -------------------------------------------------------------------------
XDATA_ID
  Relative segment, address: CODE 0000016F - 000001BC (0x4e bytes), align: 0
  Segment part 14.            Intra module refs:   Segment part 13
    -------------------------------------------------------------------------
<XDATA_ROM_C> 1 (was XDATA_ROM_C)
  Relative segment, address: CONST 00008EC9 - 00008ECC (0x4 bytes), align: 0
  Segment part 16.            Intra module refs:   GAP_MakeDiscoverable (gap_peridevmgr)
                                                   gapProcessRandomAddrComplete
                                                   gapWriteAdvEnableStatus (gap_peridevmgr)
           ENTRY                   ADDRESS         REF BY
           =====                   =======         ======
           __Constant_ea60         00008EC9 
    -------------------------------------------------------------------------
BANK_RELAYS
  Relative segment, address: CODE 0000022C - 00000231 (0x6 bytes), align: 0
  Segment part 19.
           ENTRY                   ADDRESS         REF BY
           =====                   =======         ======
           GAP_SetParamValue::?relay
                                   0000022C        GAPRole_SetParameter (broadcaster)
                                                   SimpleBLEBroadcaster_Init (simpleBLEBroadcaster)
    -------------------------------------------------------------------------
BANK_RELAYS
  Relative segment, address: CODE 00000232 - 00000237 (0x6 bytes), align: 0
  Segment part 21.
           ENTRY                   ADDRESS         REF BY
           =====                   =======         ======
           GAP_GetParamValue::?relay
                                   00000232        GAPRole_GetParameter (broadcaster)
                                                   GAP_MakeDiscoverable (gap_peridevmgr)
                                                   gapSetAdvParams (gap_peridevmgr)
                                                   gapWriteAdvEnableStatus (gap_peridevmgr)
    -------------------------------------------------------------------------
BANK_RELAYS
  Relative segment, address: CODE 00000238 - 0000023D (0x6 bytes), align: 0
  Segment part 24.
           ENTRY                   ADDRESS         REF BY
           =====                   =======         ======
           GAP_ParamsInit::?relay
                                   00000238        GAP_DeviceInit (gap)
    -------------------------------------------------------------------------
BANK_RELAYS
  Relative segment, address: CODE 0000023E - 00000243 (0x6 bytes), align: 0
  Segment part 31.
           ENTRY                   ADDRESS         REF BY
           =====                   =======         ======
           gapReadBD_ADDRStatus::?relay
                                   0000023E        gapProcessHCICmdCompleteEvt (gap_simpletask)
    -------------------------------------------------------------------------
BANK_RELAYS
  Relative segment, address: CODE 00000244 - 00000249 (0x6 bytes), align: 0
  Segment part 35.
           ENTRY                   ADDRESS         REF BY
           =====                   =======         ======
           gapReadBufSizeCmdStatus::?relay
                                   00000244        gapProcessHCICmdCompleteEvt (gap_simpletask)
    -------------------------------------------------------------------------
BANK_RELAYS
  Relative segment, address: CODE 0000024A - 0000024F (0x6 bytes), align: 0
  Segment part 39.
           ENTRY                   ADDRESS         REF BY
           =====                   =======         ======
           gapAddAddrAdj::?relay   0000024A        gapSetAdvParams (gap_peridevmgr)
    -------------------------------------------------------------------------
BANK_RELAYS
  Relative segment, address: CODE 00000250 - 00000255 (0x6 bytes), align: 0
  Segment part 47.
           ENTRY                   ADDRESS         REF BY
           =====                   =======         ======
           gapProcessRandomAddrComplete::?relay
                                   00000250        gapProcessHCICmdCompleteEvt (gap_simpletask)
    -------------------------------------------------------------------------
BANK_RELAYS
  Relative segment, address: CODE 00000256 - 0000025B (0x6 bytes), align: 0
  Segment part 64.            Intra module refs:   gapReadBD_ADDRStatus
                                                   gapReadBufSizeCmdStatus
           LOCAL                   ADDRESS         
           =====                   =======         
           gapSendDeviceInitDoneEvent::?relay
                                   00000256 
    -------------------------------------------------------------------------
<XDATA_ROM_C_FLASH> 1 (was XDATA_ROM_C_FLASH)
  Relative segment, address: CODE 00008EC9 - 00008ECC (0x4 bytes), align: 0
  Segment part 66.            Intra module refs:   __Constant_ea60

    -------------------------------------------------------------------------
  LIBRARY MODULE, NAME : gap_devmgr

  SEGMENTS IN THE MODULE
  ======================
XDATA_Z
  Relative segment, address: XDATA 000002D1 - 000002D2 (0x2 bytes), align: 0
  Segment part 7.
           ENTRY                   ADDRESS         REF BY
           =====                   =======         ======
           pGapAdvertState         000002D1        GAP_MakeDiscoverable (gap_peridevmgr)
                                                   Segment part 19 (gap_peridevmgr)
                                                   Segment part 73 (gap_peridevmgr)
                                                   Segment part 90 (gap_peridevmgr)
                                                   gapFreeAdvertState (gap_peridevmgr)
                                                   gapSendMakeDiscEvent (gap_peridevmgr)
                                                   gapSetAdvParams (gap_peridevmgr)
                                                   gapWriteAdvEnableStatus (gap_peridevmgr)
    -------------------------------------------------------------------------
<BANKED_CODE,CODE_C> 1 (was BANKED_CODE)
  Relative segment, address: CODE 0000647A - 00006490 (0x17 bytes), align: 0
  Segment part 15.            Intra module refs:   gapValidADType::?relay
           ENTRY                   ADDRESS         REF BY
           =====                   =======         ======
           gapValidADType          0000647A 
               XSTACK = 0000000F ( 00000000 )
    -------------------------------------------------------------------------
<BANKED_CODE,CODE_C> 1 (was BANKED_CODE)
  Relative segment, address: CODE 00006491 - 00006516 (0x86 bytes), align: 0
  Segment part 17.            Intra module refs:   gapFindADType::?relay
           ENTRY                   ADDRESS         REF BY
           =====                   =======         ======
           gapFindADType           00006491 
               calls direct
               XSTACK = 00000002 ( 0000000F )
               ISTACK = 00000000 ( 00000001 )
    -------------------------------------------------------------------------
<BANKED_CODE,CODE_C> 1 (was BANKED_CODE)
  Relative segment, address: CODE 00006517 - 00006520 (0xa bytes), align: 0
  Segment part 19.            Intra module refs:   gapFindADType
    -------------------------------------------------------------------------
BANK_RELAYS
  Relative segment, address: CODE 0000025C - 00000261 (0x6 bytes), align: 0
  Segment part 16.            Intra module refs:   gapFindADType
           ENTRY                   ADDRESS         REF BY
           =====                   =======         ======
           gapValidADType::?relay
                                   0000025C 
    -------------------------------------------------------------------------
BANK_RELAYS
  Relative segment, address: CODE 00000262 - 00000267 (0x6 bytes), align: 0
  Segment part 18.
           ENTRY                   ADDRESS         REF BY
           =====                   =======         ======
           gapFindADType::?relay   00000262        isLimitedDiscoverableMode (gap_peridevmgr)

    -------------------------------------------------------------------------
  LIBRARY MODULE, NAME : gap_peridevmgr

  SEGMENTS IN THE MODULE
  ======================
XDATA_I
  Relative segment, address: XDATA 00000CBE - 00000CBE (0x1 bytes), align: 0
  Segment part 6.             Intra module refs:   GAP_UpdateAdvertisingData
                                                   gapWriteAdvDataStatus
    -------------------------------------------------------------------------
XDATA_Z
  Relative segment, address: XDATA 000002D3 - 000002D4 (0x2 bytes), align: 0
  Segment part 9.             Intra module refs:   GAP_MakeDiscoverable
                                                   GAP_PeriDevMgrInit
                                                   GAP_UpdateAdvertisingData
                                                   Segment part 37
                                                   Segment part 41
                                                   Segment part 67
                                                   isLimitedDiscoverableMode
    -------------------------------------------------------------------------
XDATA_Z
  Relative segment, address: XDATA 000002D5 - 000002D6 (0x2 bytes), align: 0
  Segment part 10.            Intra module refs:   GAP_PeriDevMgrInit
                                                   GAP_UpdateAdvertisingData
    -------------------------------------------------------------------------
XDATA_Z
  Relative segment, address: XDATA 000002D7 - 000002D8 (0x2 bytes), align: 0
  Segment part 11.            Intra module refs:   GAP_EndDiscoverable
                                                   gapProcessAdvertisingEvt
                                                   gapWriteAdvEnableStatus
    -------------------------------------------------------------------------
XDATA_I
  Relative segment, address: XDATA 00000CBF - 00000CC4 (0x6 bytes), align: 0
  Segment part 12.            Intra module refs:   GAP_PeriDevMgrInit
    -------------------------------------------------------------------------
<BANKED_CODE,CODE_C> 1 (was BANKED_CODE)
  Relative segment, address: CODE 00001B65 - 00001C3D (0xd9 bytes), align: 0
  Segment part 16.            Intra module refs:   GAP_MakeDiscoverable::?relay
           ENTRY                   ADDRESS         REF BY
           =====                   =======         ======
           GAP_MakeDiscoverable    00001B65 
               calls direct
               XSTACK = 00000000 ( 00000010 )
               ISTACK = 00000000 ( 00000001 )
    -------------------------------------------------------------------------
<BANKED_CODE,CODE_C> 1 (was BANKED_CODE)
  Relative segment, address: CODE 00001C3E - 00001C3E (0x1 bytes), align: 0
  Segment part 18.            Intra module refs:   GAP_EndDiscoverable
                                                   GAP_MakeDiscoverable
    -------------------------------------------------------------------------
<BANKED_CODE,CODE_C> 1 (was BANKED_CODE)
  Relative segment, address: CODE 00001C3F - 00001C45 (0x7 bytes), align: 0
  Segment part 19.            Intra module refs:   Segment part 18
                                                   gapSetAdvParams
                                                   gapWriteAdvEnableStatus
    -------------------------------------------------------------------------
<BANKED_CODE,CODE_C> 1 (was BANKED_CODE)
  Relative segment, address: CODE 00001C46 - 00001C4E (0x9 bytes), align: 0
  Segment part 20.            Intra module refs:   Segment part 19
    -------------------------------------------------------------------------
<BANKED_CODE,CODE_C> 1 (was BANKED_CODE)
  Relative segment, address: CODE 00001C4F - 00001CF9 (0xab bytes), align: 0
  Segment part 21.            Intra module refs:   GAP_UpdateAdvertisingData::?relay
           ENTRY                   ADDRESS         REF BY
           =====                   =======         ======
           GAP_UpdateAdvertisingData
                                   00001C4F 
               calls direct
               XSTACK = 00000000 ( 00000014 )
               ISTACK = 00000000 ( 00000001 )
    -------------------------------------------------------------------------
<BANKED_CODE,CODE_C> 1 (was BANKED_CODE)
  Relative segment, address: CODE 00001CFA - 00001D43 (0x4a bytes), align: 0
  Segment part 23.            Intra module refs:   GAP_EndDiscoverable::?relay
           ENTRY                   ADDRESS         REF BY
           =====                   =======         ======
           GAP_EndDiscoverable     00001CFA 
               calls direct
               XSTACK = 0000000C ( 00000009 )
    -------------------------------------------------------------------------
<BANKED_CODE,CODE_C> 1 (was BANKED_CODE)
  Relative segment, address: CODE 00001D44 - 00001D4A (0x7 bytes), align: 0
  Segment part 33.            Intra module refs:   gapFreeAdvertState
    -------------------------------------------------------------------------
<BANKED_CODE,CODE_C> 1 (was BANKED_CODE)
  Relative segment, address: CODE 00001D4B - 00001DEC (0xa2 bytes), align: 0
  Segment part 34.            Intra module refs:   GAP_PeriDevMgrInit::?relay
           ENTRY                   ADDRESS         REF BY
           =====                   =======         ======
           GAP_PeriDevMgrInit      00001D4B 
               calls direct
               XSTACK = 00000000 ( 00000009 )
    -------------------------------------------------------------------------
<BANKED_CODE,CODE_C> 1 (was BANKED_CODE)
  Relative segment, address: CODE 00001DED - 00001DF1 (0x5 bytes), align: 0
  Segment part 36.            Intra module refs:   GAP_EndDiscoverable
                                                   GAP_PeriDevMgrInit
                                                   gapSetAdvParamsStatus
    -------------------------------------------------------------------------
<BANKED_CODE,CODE_C> 1 (was BANKED_CODE)
  Relative segment, address: CODE 00001DF2 - 00001DF4 (0x3 bytes), align: 0
  Segment part 37.            Intra module refs:   GAP_PeriDevMgrInit
    -------------------------------------------------------------------------
<BANKED_CODE,CODE_C> 1 (was BANKED_CODE)
  Relative segment, address: CODE 00001DF5 - 00001DFA (0x6 bytes), align: 0
  Segment part 38.            Intra module refs:   GAP_MakeDiscoverable
                                                   GAP_PeriDevMgrInit
                                                   Segment part 37
    -------------------------------------------------------------------------
<BANKED_CODE,CODE_C> 1 (was BANKED_CODE)
  Relative segment, address: CODE 00001DFB - 00001E60 (0x66 bytes), align: 0
  Segment part 39.            Intra module refs:   gapPeriProcessHCICmdCompleteEvt::?relay
           LOCAL                   ADDRESS         
           =====                   =======         
           gapPeriProcessHCICmdCompleteEvt
                                   00001DFB 
               calls direct, is indirectly called
               XSTACK = 00000000 ( 0000000A )
    -------------------------------------------------------------------------
<BANKED_CODE,CODE_C> 1 (was BANKED_CODE)
  Relative segment, address: CODE 00001E61 - 00001E63 (0x3 bytes), align: 0
  Segment part 41.            Intra module refs:   isLimitedDiscoverableMode
    -------------------------------------------------------------------------
<BANKED_CODE,CODE_C> 1 (was BANKED_CODE)
  Relative segment, address: CODE 00001E64 - 00001E66 (0x3 bytes), align: 0
  Segment part 42.            Intra module refs:   Segment part 41
                                                   gapPeriProcessHCICmdCompleteEvt
    -------------------------------------------------------------------------
<BANKED_CODE,CODE_C> 1 (was BANKED_CODE)
  Relative segment, address: CODE 00001E67 - 00001E6B (0x5 bytes), align: 0
  Segment part 43.            Intra module refs:   GAP_EndDiscoverable
                                                   GAP_MakeDiscoverable
                                                   Segment part 42
                                                   gapProcessAdvertisingEvt
    -------------------------------------------------------------------------
<BANKED_CODE,CODE_C> 1 (was BANKED_CODE)
  Relative segment, address: CODE 00001E6C - 00001F44 (0xd9 bytes), align: 0
  Segment part 44.            Intra module refs:   gapSetAdvParams::?relay
           ENTRY                   ADDRESS         REF BY
           =====                   =======         ======
           gapSetAdvParams         00001E6C 
               calls direct, is indirectly called
               XSTACK = 0000000C ( 00000014 )
    -------------------------------------------------------------------------
<BANKED_CODE,CODE_C> 1 (was BANKED_CODE)
  Relative segment, address: CODE 00001F45 - 00001F50 (0xc bytes), align: 0
  Segment part 46.            Intra module refs:   gapSetAdvParams
    -------------------------------------------------------------------------
<BANKED_CODE,CODE_C> 1 (was BANKED_CODE)
  Relative segment, address: CODE 00001F51 - 00001F79 (0x29 bytes), align: 0
  Segment part 47.            Intra module refs:   gapSetAdvParamsStatus::?relay
           ENTRY                   ADDRESS         REF BY
           =====                   =======         ======
           gapSetAdvParamsStatus   00001F51 
               calls direct
               XSTACK = 0000000A ( 00000009 )
    -------------------------------------------------------------------------
<BANKED_CODE,CODE_C> 1 (was BANKED_CODE)
  Relative segment, address: CODE 00001F7A - 00001F7E (0x5 bytes), align: 0
  Segment part 49.            Intra module refs:   gapSetAdvParams
                                                   gapSetAdvParamsStatus
                                                   gapWriteAdvEnableStatus
    -------------------------------------------------------------------------
<BANKED_CODE,CODE_C> 1 (was BANKED_CODE)
  Relative segment, address: CODE 00001F7F - 00001F84 (0x6 bytes), align: 0
  Segment part 50.            Intra module refs:   GAP_MakeDiscoverable
                                                   Segment part 43
                                                   Segment part 49
                                                   Segment part 84
    -------------------------------------------------------------------------
<BANKED_CODE,CODE_C> 1 (was BANKED_CODE)
  Relative segment, address: CODE 00001F85 - 0000206C (0xe8 bytes), align: 0
  Segment part 51.            Intra module refs:   gapWriteAdvEnableStatus::?relay
           ENTRY                   ADDRESS         REF BY
           =====                   =======         ======
           gapWriteAdvEnableStatus
                                   00001F85 
               calls direct
               XSTACK = 0000000A ( 00000014 )
               ISTACK = 00000000 ( 00000001 )
    -------------------------------------------------------------------------
<BANKED_CODE,CODE_C> 1 (was BANKED_CODE)
  Relative segment, address: CODE 0000206D - 00002074 (0x8 bytes), align: 0
  Segment part 53.            Intra module refs:   gapSendMakeDiscEvent
                                                   gapWriteAdvEnableStatus
    -------------------------------------------------------------------------
<BANKED_CODE,CODE_C> 1 (was BANKED_CODE)
  Relative segment, address: CODE 00002075 - 0000207D (0x9 bytes), align: 0
  Segment part 54.            Intra module refs:   Segment part 53
                                                   gapWriteAdvDataStatus
    -------------------------------------------------------------------------
<BANKED_CODE,CODE_C> 1 (was BANKED_CODE)
  Relative segment, address: CODE 0000207E - 000020BA (0x3d bytes), align: 0
  Segment part 55.            Intra module refs:   gapWriteAdvDataStatus::?relay
           ENTRY                   ADDRESS         REF BY
           =====                   =======         ======
           gapWriteAdvDataStatus   0000207E 
               calls direct
               XSTACK = 0000000A ( 0000000A )
               ISTACK = 00000000 ( 00000001 )
    -------------------------------------------------------------------------
<BANKED_CODE,CODE_C> 1 (was BANKED_CODE)
  Relative segment, address: CODE 000020BB - 0000217B (0xc1 bytes), align: 0
  Segment part 57.            Intra module refs:   gapProcessAdvertisingEvt::?relay
           LOCAL                   ADDRESS         
           =====                   =======         
           gapProcessAdvertisingEvt
                                   000020BB 
               calls direct, is indirectly called
               XSTACK = 00000000 ( 00000010 )
    -------------------------------------------------------------------------
<BANKED_CODE,CODE_C> 1 (was BANKED_CODE)
  Relative segment, address: CODE 0000217C - 00002180 (0x5 bytes), align: 0
  Segment part 61.            Intra module refs:   GAP_MakeDiscoverable
                                                   gapProcessAdvertisingEvt
    -------------------------------------------------------------------------
<BANKED_CODE,CODE_C> 1 (was BANKED_CODE)
  Relative segment, address: CODE 00002181 - 00002185 (0x5 bytes), align: 0
  Segment part 64.            Intra module refs:   gapPeriProcessHCICmdCompleteEvt
                                                   gapSendMakeDiscEvent
                                                   gapWriteAdvDataStatus
                                                   isLimitedDiscoverableMode
    -------------------------------------------------------------------------
<BANKED_CODE,CODE_C> 1 (was BANKED_CODE)
  Relative segment, address: CODE 00002186 - 00002188 (0x3 bytes), align: 0
  Segment part 67.            Intra module refs:   GAP_PeriDevMgrInit
    -------------------------------------------------------------------------
<BANKED_CODE,CODE_C> 1 (was BANKED_CODE)
  Relative segment, address: CODE 00002189 - 0000218E (0x6 bytes), align: 0
  Segment part 68.            Intra module refs:   GAP_PeriDevMgrInit
                                                   Segment part 67
                                                   gapFreeAdvertState
    -------------------------------------------------------------------------
<BANKED_CODE,CODE_C> 1 (was BANKED_CODE)
  Relative segment, address: CODE 0000218F - 00002191 (0x3 bytes), align: 0
  Segment part 73.            Intra module refs:   gapSetAdvParams
    -------------------------------------------------------------------------
<BANKED_CODE,CODE_C> 1 (was BANKED_CODE)
  Relative segment, address: CODE 00002192 - 00002196 (0x5 bytes), align: 0
  Segment part 74.            Intra module refs:   Segment part 20
                                                   Segment part 73
                                                   Segment part 91
[...]
                                                   osal_memset (OSAL)
                                                   osal_msg_receive (OSAL)
                                                   verifyWordM (osal_snv)
                                                   writeWord (osal_snv)
    -------------------------------------------------------------------------
RCODE
  Relative segment, address: CODE 00000CC9 - 00000CCA (0x2 bytes), align: 0
  Segment part 3.
           ENTRY                   ADDRESS         REF BY
           =====                   =======         ======
           ?PUSH_XSTACK_I_ONE      00000CC9        HCI_LE_SetAdvParamCmd (hci)
                                                   gapSetAdvParams (gap_peridevmgr)
                                                   writeWord (osal_snv)
    -------------------------------------------------------------------------
RCODE
  Relative segment, address: CODE 00000CCB - 00000CD7 (0xd bytes), align: 0
  Segment part 4.             Intra module refs:   ?PUSH_XSTACK_I_FOUR
                                                   ?PUSH_XSTACK_I_ONE
                                                   ?PUSH_XSTACK_I_TWO
           ENTRY                   ADDRESS         REF BY
           =====                   =======         ======
           ?PUSH_XSTACK_I          00000CCB 

    -------------------------------------------------------------------------
  LIBRARY MODULE, NAME : ?PUSH_XSTACK8_X

  SEGMENTS IN THE MODULE
  ======================
RCODE
  Relative segment, address: CODE 00000CD8 - 00000CDB (0x4 bytes), align: 0
  Segment part 1.
           ENTRY                   ADDRESS         REF BY
           =====                   =======         ======
           ?PUSH_XSTACK8_X_FOUR    00000CD8        GAP_MakeDiscoverable (gap_peridevmgr)
                                                   Hal_ProcessEvent (hal_drivers)
                                                   gapProcessRandomAddrComplete (gap_configmgr)
                                                   gapWriteAdvEnableStatus (gap_peridevmgr)
                                                   halProcessKeyInterrupt (hal_key)
                                                   halSleep (hal_sleep)
                                                   osal_start_timerEx (OSAL_Timers)
    -------------------------------------------------------------------------
RCODE
  Relative segment, address: CODE 00000CDC - 00000CDF (0x4 bytes), align: 0
  Segment part 3.
           ENTRY                   ADDRESS         REF BY
           =====                   =======         ======
           ?PUSH_XSTACK8_X_TWO     00000CDC        HCI_LE_SetAdvParamCmd (hci)
    -------------------------------------------------------------------------
RCODE
  Relative segment, address: CODE 00000CE0 - 00000D08 (0x29 bytes), align: 0
  Segment part 5.             Intra module refs:   ?PUSH_XSTACK8_X_FOUR
                                                   ?PUSH_XSTACK8_X_TWO
           ENTRY                   ADDRESS         REF BY
           =====                   =======         ======
           ?PUSH_XSTACK8_X         00000CE0 

    -------------------------------------------------------------------------
  LIBRARY MODULE, NAME : ?US_SWITCH_DENSE

  SEGMENTS IN THE MODULE
  ======================
RCODE
  Relative segment, address: CODE 00000D09 - 00000D0F (0x7 bytes), align: 0
  Segment part 0.
           ENTRY                   ADDRESS         REF BY
           =====                   =======         ======
           ?US_SWITCH_DENSE        00000D09        GAPRole_GetParameter (broadcaster)
                                                   GAPRole_SetParameter (broadcaster)
                                                   gapPeriProcessHCICmdCompleteEvt (gap_peridevmgr)
           ?US_SD_CFI_INV_BEGINS   00000D09 
    -------------------------------------------------------------------------
RCODE
  Relative segment, address: CODE 00000D10 - 00000D4D (0x3e bytes), align: 0
  Segment part 2.             Intra module refs:   Segment part 0
    -------------------------------------------------------------------------
RCODE
  Relative segment, address: CODE 00000D4E - 00000D4E (0x1 bytes), align: 0
  Segment part 4.             Intra module refs:   Segment part 0
           ENTRY                   ADDRESS         REF BY
           =====                   =======         ======
           ?US_SD_CFI_INV_ENDS     00000D4F 

    -------------------------------------------------------------------------
  LIBRARY MODULE, NAME : ?US_SWITCH_SPARSE

  SEGMENTS IN THE MODULE
  ======================
RCODE
  Relative segment, address: CODE 00000D4F - 00000D58 (0xa bytes), align: 0
  Segment part 0.
           ENTRY                   ADDRESS         REF BY
           =====                   =======         ======
           ?US_SWITCH_SPARSE       00000D4F        gapProcessHCICmdCompleteEvt (gap_simpletask)
           ?US_SS_CFI_INV_BEGINS   00000D4F 
    -------------------------------------------------------------------------
RCODE
  Relative segment, address: CODE 00000D59 - 00000D99 (0x41 bytes), align: 0
  Segment part 2.             Intra module refs:   Segment part 0
           ENTRY                   ADDRESS         REF BY
           =====                   =======         ======
           ?US_SWITCH_SPARSE_LEAVE
                                   00000D8B        Segment part 0 (?US_JMP_IF_IN_RANGE)
                                                   Segment part 0 (?US_JMP_IF_VALUE)
    -------------------------------------------------------------------------
RCODE
  Relative segment, address: CODE 00000D9A - 00000D9A (0x1 bytes), align: 0
  Segment part 4.             Intra module refs:   Segment part 0
           ENTRY                   ADDRESS         REF BY
           =====                   =======         ======
           ?US_SS_CFI_INV_ENDS     00000D9B 

    -------------------------------------------------------------------------
  LIBRARY MODULE, NAME : ?US_JMP_IF_IN_RANGE

  SEGMENTS IN THE MODULE
  ======================
RCODE
  Relative segment, address: CODE 00000D9B - 00000DD9 (0x3f bytes), align: 0
  Segment part 0.
           ENTRY                   ADDRESS         REF BY
           =====                   =======         ======
           ?US_JMP_IF_IN_RANGE     00000D9B        ?US_SWITCH_SPARSE_LEAVE (?US_SWITCH_SPARSE)
           ?US_JR_CFI_INV_BEGINS   00000D9B 
           ?US_JR_CFI_INV_ENDS     00000DDA 

    -------------------------------------------------------------------------
  LIBRARY MODULE, NAME : ?US_JMP_IF_VALUE

  SEGMENTS IN THE MODULE
  ======================
RCODE
  Relative segment, address: CODE 00000DDA - 00000E04 (0x2b bytes), align: 0
  Segment part 0.
           ENTRY                   ADDRESS         REF BY
           =====                   =======         ======
           ?US_JMP_IF_VALUE        00000DDA        ?US_SWITCH_SPARSE_LEAVE (?US_SWITCH_SPARSE)
           ?US_JMP_IF_VALUE_CFI_INV_BEGINS
                                   00000DDA 
           ?US_JMP_IF_VALUE_CFI_INV_ENDS
                                   00000E05 

    -------------------------------------------------------------------------
  LIBRARY MODULE, NAME : ?memset

  SEGMENTS IN THE MODULE
  ======================
<BANKED_CODE,CODE_C> 1 (was BANKED_CODE)
  Relative segment, address: CODE 00006779 - 000067A4 (0x2c bytes), align: 0
  Segment part 6.             Intra module refs:   memset::?relay
           ENTRY                   ADDRESS         REF BY
           =====                   =======         ======
           memset                  00006779 
               XSTACK = 00000002 ( 00000000 )
               ISTACK = 00000000 ( 00000002 )
    -------------------------------------------------------------------------
BANK_RELAYS
  Relative segment, address: CODE 00000754 - 00000759 (0x6 bytes), align: 0
  Segment part 7.
           ENTRY                   ADDRESS         REF BY
           =====                   =======         ======
           memset::?relay          00000754        osal_memset (OSAL)

    -------------------------------------------------------------------------
  LIBRARY MODULE, NAME : ?strlen

  SEGMENTS IN THE MODULE
  ======================
<BANKED_CODE,CODE_C> 1 (was BANKED_CODE)
  Relative segment, address: CODE 000067C7 - 000067E4 (0x1e bytes), align: 0
  Segment part 6.             Intra module refs:   strlen::?relay
           ENTRY                   ADDRESS         REF BY
           =====                   =======         ======
           strlen                  000067C7 
               ISTACK = 00000000 ( 00000002 )
    -------------------------------------------------------------------------
BANK_RELAYS
  Relative segment, address: CODE 0000075A - 0000075F (0x6 bytes), align: 0
  Segment part 7.
           ENTRY                   ADDRESS         REF BY
           =====                   =======         ======
           strlen::?relay          0000075A        osal_strlen (OSAL)




                ****************************************
                *                                      *
                *            MODULE SUMMARY            *
                *                                      *
                ****************************************

Module                       CODE      DATA      XDATA  IDATA    BIT  CONST
------                       ----      ----      -----  -----    ---  -----
                            (Rel)  (Rel)  (Abs)  (Rel)  (Rel)  (Rel)  (Rel)
?ADD_XSTACK_DISP8              27
?ALLOC_XSTACK8                 22
?BANKED_CODE_SUPPORT           30
?BANKED_ENTER_XDATA           108
?BANKED_LEAVE_XDATA            70
?CALL_IND                       2
?DEALLOC_XSTACK8               27
?FUNC_ENTER_XDATA             102
?FUNC_LEAVE_XDATA              64
?INTERRUPT_ENTER_XSP           95
?INTERRUPT_LEAVE_XSP           88
?L_ADD                         19
?L_ADD_TO_X                    19
?L_ADD_X                       19
?L_AND_X                       19
?L_EQ_X                        21
?L_MOV_TO_X                    15
?L_MOV_X                       15
?L_MUL                        128
?L_SHL                         31
?L_SUB                         20
?L_SUB_FROM_X                  20
?MOVE_LONG8_XDATA_IDATA        13
?MOVE_LONG8_XDATA_XDATA        33
?PUSH_XSTACK8_X                49
?PUSH_XSTACK_I                 23
?SS_SHR                        16
?S_DIV_MOD                     89
?S_SHL                         19
?UL_DIV_MOD                   111
?UL_GE_X                       31
?UL_GT                         16
?UL_GT_X                       16
?UL_SHR                        25
?US_JMP_IF_IN_RANGE            63
?US_JMP_IF_VALUE               43
?US_SHR                        15
?US_SWITCH_DENSE               70
?US_SWITCH_SPARSE              76
?XLOAD_R0123                   12
?XLOAD_R2345                   12
?XSTACK_DISP8                  10
?XSTACK_DISP8_RP               16
?XSTORE_R0123                  12
?cexit                          5
?cmain                        132
?memset                        50
?strlen                        36
CSTARTUP                       18
  + common                      3
OSAL                        1 329                    3
OSAL_ClockBLE                 253                   10
OSAL_Memory                   538                2 051
OSAL_PwrMgr                   191                    7
OSAL_SimpleBLEBroadcaster      91                    2                   15
OSAL_Timers                 1 204                    6
OnBoard                       201                    2
SimpleBLEBroadcaster_Main      88             1
  + shared                                    1
VIRTUAL_REGISTERS                     18                           8
broadcaster                 1 428                   88
gap                            40
gap_configmgr                 800                  106
  + shared                                                                4
gap_devmgr                    179                    2
gap_peridevmgr              1 863                   13                    4
gap_simpletask                537                    6
hal_adc                       189             4      1
  + shared                                    1
hal_aes                        85
  + shared                                    3
hal_dma                        23             4     40
hal_drivers                   249                    1
  + shared                                                                4
hal_flash                     277
  + shared                                    1
hal_key                       541             5      5
  + shared                    110            11                           4
  + common
hal_lcd                       761             6      2                   18
  + shared                                    3
hal_led                        40                    1
hal_sleep                     572      1      2      2                   24
  + shared                     46             3
  + common
hal_startup                    11
hci                           503                    1
hci_PATCH                      79
hci_event                     680                    9
hci_event_PATCH               263                    8
hci_tl                        171                    6
ll                          1 967             4    169      2
  + shared                                    2                          12
ll_advEndCauses               590
ll_common                   1 583            10                          16
ll_constData                    8
ll_enc                        305             3
ll_errorEndCauses               9
ll_halt                         7      2
ll_isr                        574
  + shared                    134            10
  + common
ll_scheduler                1 403                   33                   16
ll_sleep                      646                                         8
  + shared                                                                4
ll_timer2                   1 248             8
osal_bufmgr                   149                    2
osal_cbtimer                  309                   62
osal_snv                    5 462                    4                    4
  + shared                                                                4
phy                           806                    1
phy_image                   3 582                                     3 582
simpleBLEBroadcaster          588                   53                   72
N/A (command line)                     8           640    192
N/A (alignment)
----------                 ------     --     --  -----    ---      -  -----
Total:                     34 394     29     82  3 336    194      8  3 791
  + common                    134


                ****************************************
                *                                      *
                *      SEGMENTS IN ADDRESS ORDER       *
                *                                      *
                ****************************************


SEGMENT              SPACE    START ADDRESS   END ADDRESS     SIZE  TYPE  ALIGN
=======              =====    =============   ===========     ====  ====  =====
INTVEC               CODE          00000000 - 00000085          86   com    0
CSTART               CODE          00000086 - 00000149          C4   rel    0
BDATA_ID             CODE               0000014A                     dse    0
BIT_ID               CODE               0000014A                     dse    0
DATA_ID              CODE          0000014A - 0000014A           1   rel    0
PDATA_ID             CODE               0000014B                     dse    0
IXDATA_ID            CODE               0000014B                     dse    0
IDATA_ID             CODE               0000014B                     dse    0
XDATA_ID             CODE          0000014B - 00000207          BD   rel    0
BANK_RELAYS          CODE          00000208 - 0000075F         558   rel    0
RCODE                CODE          00000760 - 00000E04         6A5   rel    0
CODE_N               CODE               00000E05                     dse    0
DIFUNCT              CODE               00000E05                     dse    0
NEAR_CODE            CODE          00000E08 - 00001400         5F9   rel    2
<BANKED_CODE> 1      CODE          00001401 - 00001403           3   rel    0
<BANKED_CODE,CODE_C> 1
                     CODE          00001404 - 0000680B        5408   rel    2
SLEEP_CODE           CODE          00007FF8 - 00007FFF           8   rel    0
<XDATA_ROM_C_FLASH> 1
                     CODE          00008000 - 00008ECE         ECF   rel    0
BLENV_ADDRESS_SPACE
                     CODE          0003E800 - 0003F7FF        1000   rel    0
REGISTERS            DATA          00000000 - 00000007           8   rel    0
VREG                 DATA          00000008 - 00000017          10   rel    0
PSP                  DATA               00000018                     dse    0
XSP                  DATA          00000018 - 00000019           2   rel    0
DATA_I               DATA          0000001A - 0000001A           1   rel    0
DATA_Z               DATA          0000001B - 0000001C           2   rel    0
BREG                 BIT        00000020.0  -  00000020.7        8   rel    0
SFR_AN               DATA          00000080 - 00000080           1   rel    0
                     DATA          00000087 - 00000089           3 
                     DATA          0000008B - 0000008D           3 
                     DATA          00000090 - 00000091           2 
                     DATA          00000094 - 00000097           4 
                     DATA          0000009A - 000000A9          10 
                     DATA          000000AB - 000000AF           5 
                     DATA          000000B3 - 000000B4           2 
                     DATA          000000B6 - 000000B6           1 
                     DATA          000000B8 - 000000C0           9 
                     DATA          000000C3 - 000000C3           1 
                     DATA          000000C6 - 000000C7           2 
                     DATA          000000C9 - 000000C9           1 
                     DATA          000000D1 - 000000D7           7 
                     DATA          000000D9 - 000000DB           3 
                     DATA          000000E1 - 000000E5           5 
                     DATA          000000E8 - 000000E9           2 
                     DATA          000000F1 - 000000F2           2 
                     DATA          000000F2 - 000000F5           4 
                     DATA          000000F7 - 000000FF           9 
XSTACK               XDATA         00000001 - 00000280         280   rel    0
XDATA_Z              XDATA         00000281 - 00000C4B         9CB   rel    0
XDATA_I              XDATA         00000C4C - 00000D08          BD   rel    0
<XDATA_ROM_C> 1      CONST         00008000 - 00008ECE         ECF   rel    0
IDATA_I              IDATA              0000001D                     dse    0
IDATA_Z              IDATA         0000001D - 0000001E           2   rel    0
ISTACK               IDATA         00000040 - 000000FF          C0   rel    0

                ****************************************
                *                                      *
                *        END OF CROSS REFERENCE        *
                *                                      *
                ****************************************

 34 528 bytes of CODE  memory
     29 bytes of DATA  memory (+ 82 absolute )
  3 336 bytes of XDATA memory
    194 bytes of IDATA memory
      8 bits  of BIT   memory
  3 791 bytes of CONST memory

Errors: none
Warnings: none

